main.c:75:5:main	16	static
main.c:246:6:SystemClock_Config	72	static
main.c:282:13:MX_TIM2_Init	32	static
main.c:327:13:MX_GPIO_Init	32	static
main.c:376:6:HAL_TIM_PeriodElapsedCallback	24	static
main.c:381:6:display7SEG	16	static
main.c:474:6:initEx1	8	static
main.c:478:6:initEx2	8	static
main.c:486:6:initEx3	8	static
main.c:492:6:initEx5	4	static
main.c:495:6:update7SEG	16	static
main.c:534:6:updateClockBuffer	4	static
main.c:540:6:updateLEDMatrix	16	static
main.c:696:6:Error_Handler	4	static,ignoring_inline_asm
