main.c:75:5:main	8	static
main.c:236:6:SystemClock_Config	72	static
main.c:272:13:MX_TIM2_Init	32	static
main.c:317:13:MX_GPIO_Init	32	static
main.c:366:6:HAL_TIM_PeriodElapsedCallback	24	static
main.c:371:6:display7SEG	16	static
main.c:464:6:initEx1	8	static
main.c:468:6:initEx2	8	static
main.c:476:6:initEx3	8	static
main.c:482:6:initEx5	4	static
main.c:485:6:update7SEG	16	static
main.c:524:6:updateClockBuffer	4	static
main.c:530:6:updateLEDMatrix	16	static
main.c:686:6:Error_Handler	4	static,ignoring_inline_asm
